time="2025-05-21T14:05:08+05:30" level=warning msg="C:\\Users\\kabee\\Documents\\projects\\dodo-payments\\docker-compose.yml: the attribute `version` is obsolete, it will be ignored, please remove it to avoid potential confusion"
#2 ERROR: failed to do request: Head "https://registry-1.docker.io/v2/library/debian/manifests/bullseye-slim": dialing registry-1.docker.io:443 container via direct connection because static system has no HTTPS proxy: connecting to registry-1.docker.io:443: dial tcp: lookup registry-1.docker.io: no such host
#3 ERROR: failed to do request: Head "https://registry-1.docker.io/v2/library/rust/manifests/1.75": dialing registry-1.docker.io:443 container via direct connection because static system has no HTTPS proxy: connecting to registry-1.docker.io:443: dial tcp: lookup registry-1.docker.io: no such host
